// Jest Snapshot v1, https://goo.gl/fbAQLP

exports[`SongCard Should Render Correctly 1`] = `
Object {
  "node": "test",
}
`;
